// Jest Snapshot v1, https://goo.gl/fbAQLP

exports[`<Filter /> component does match to the snapshot 1`] = `
<ul
  className="filter"
>
  <li
    className="filter__item"
  >
    <Button
      handleClick={[Function]}
      style=""
    >
      <FontAwesomeIcon
        border={false}
        className=""
        fixedWidth={false}
        flip={null}
        icon={
          Object {
            "icon": Array [
              512,
              512,
              Array [],
              "f0b0",
              "M487.976 0H24.028C2.71 0-8.047 25.866 7.058 40.971L192 225.941V432c0 7.831 3.821 15.17 10.237 19.662l80 55.98C298.02 518.69 320 507.493 320 487.98V225.941l184.947-184.97C520.021 25.896 509.338 0 487.976 0z",
            ],
            "iconName": "filter",
            "prefix": "fas",
          }
        }
        inverse={false}
        listItem={false}
        mask={null}
        pull={null}
        pulse={false}
        rotation={null}
        size={null}
        spin={false}
        swapOpacity={false}
        symbol={false}
        title=""
        transform={null}
      />
    </Button>
  </li>
  <li
    className="filter__item filter__submenu filter__item_noactive"
  >
    <FilterRadio
      className="filter__nested"
      fields={
        Object {
          "distance": false,
          "name": true,
          "number": false,
        }
      }
      handleChange={[Function]}
      name="column"
    />
    <FilterRadio
      className="filter__nested"
      fields={
        Object {
          "contains": true,
          "equal": false,
          "less": false,
          "more": false,
        }
      }
      handleChange={[Function]}
      name="operation"
    />
    <FilterSearch
      className="filter__nested"
      handleSearch={[Function]}
      value=""
    />
  </li>
</ul>
`;
