// Jest Snapshot v1, https://goo.gl/fbAQLP

exports[`<App /> component does match to the snapshot 1`] = `
<div
  className="application"
>
  <div
    className="application__inner"
  >
    <div
      className="table application__table"
    >
      <div
        className="table__functions"
      >
        <Filter
          filter={
            Object {
              "column": Object {
                "distance": false,
                "name": false,
                "number": false,
              },
              "operation": Object {
                "contains": false,
                "equal": false,
                "less": false,
                "more": false,
              },
              "search": "",
            }
          }
          setFilter={[Function]}
        />
      </div>
      <table
        className="table__fields"
      >
        <THead />
        <TBody
          filtered={Array []}
        />
      </table>
      <div
        className="table__pagination"
      >
        <Pagination
          currentPage={1}
          entries={Array []}
          entriesOnPage={2}
          handlePagination={[Function]}
        />
      </div>
    </div>
  </div>
</div>
`;
