// Jest Snapshot v1, https://goo.gl/fbAQLP

exports[`<FilterRadio /> component does match to the snapshot 1`] = `
<ul
  className="filter-radio custom-style"
>
  <li
    className="filter-radio__item"
    key="0"
  >
    <label
      className="filter-radio__label filter-radio__label_active"
      htmlFor="name"
    >
      name
      <input
        checked={true}
        className="filter-radio__input"
        id="name"
        name="column"
        onChange={[Function]}
        type="radio"
        value="name"
      />
    </label>
  </li>
  <li
    className="filter-radio__item"
    key="1"
  >
    <label
      className="filter-radio__label "
      htmlFor="number"
    >
      number
      <input
        checked={false}
        className="filter-radio__input"
        id="number"
        name="column"
        onChange={[Function]}
        type="radio"
        value="number"
      />
    </label>
  </li>
  <li
    className="filter-radio__item"
    key="2"
  >
    <label
      className="filter-radio__label "
      htmlFor="distance"
    >
      distance
      <input
        checked={false}
        className="filter-radio__input"
        id="distance"
        name="column"
        onChange={[Function]}
        type="radio"
        value="distance"
      />
    </label>
  </li>
</ul>
`;
